tests/voice-ai/webhook-handler.test.ts(14,47): error TS2345: Argument of type '{ choices: { message: { content: string; }; }[]; }' is not assignable to parameter of type 'never'.
